2025-07-13 08:40:08 - Email sent to: dvtdang1101@gmail.com
Subject: Test Email từ QuickMed
Body: 
    
    
    
        
        
        Test Email từ QuickMed 
        
            body { font-family: Arial, sans-serif; line-height: 1.6; color: #333; }
            .container...
From: VetCare =Storenoreplybot@gmail.com
---

2025-07-13 08:40:14 - Email sent to: dvtdang1101@gmail.com
Subject: Test Email từ QuickMed Hospital
Body: 
    
    
    
        
        
        Test Email từ QuickMed Hospital
        
            body { font-family: Arial, sans-serif; line-height: 1.6; color: #333; }
            .container...
From: VetCare Storenoreplybot@gmail.com
---

2025-07-13 08:42:04 - Email sent to: dvtdang1101@gmail.com
Subject: Test Email từ QuickMed Hospital
Body: 
    
    
    
        
        
        Test Email từ QuickMed Hospital
        
            body { font-family: Arial, sans-serif; line-height: 1.6; color: #333; }
            .container...
From: VetCare Storenoreplybot@gmail.com
---

2025-07-13 08:42:18 - Email sent to: dvtdang1101@gmail.com
Subject: Test Email từ QuickMed Hospital
Body: 
    
    
    
        
        
        Test Email từ QuickMed Hospital
        
            body { font-family: Arial, sans-serif; line-height: 1.6; color: #333; }
            .container...
From: VetCare Storenoreplybot@gmail.com
---

