[2026-04-06 03:25:47] [CART] [User: 1] [IP: ::1] CART_ACTION: ADD_TO_CART_START | Product: 4 | Quantity: 1
[2026-04-06 03:25:47] [CART] [User: 1] [IP: ::1] CART_ACTION: PRODUCT_FOUND | Product: 4 | Quantity: 1 | Details: Name: Vitamin tổng hợp cho mèo, Price: 46459, Stock: 65
[2026-04-06 03:25:47] [CART] [User: 1] [IP: ::1] CART_ACTION: CART_FOUND | Product: 4 | Quantity: 1 | Details: Existing Cart ID: 1027
[2026-04-06 03:25:47] [CART] [User: 1] [IP: ::1] CART_ACTION: PRICE_CALCULATED | Product: 4 | Quantity: 1 | Details: Original: 46459, Discount: , Final: 46459
[2026-04-06 03:25:47] [CART] [User: 1] [IP: ::1] CART_ACTION: ITEM_ADDED | Product: 4 | Quantity: 1 | Details: Cart ID: 1027, Unit Price: 46459
[2026-04-06 03:25:47] [CART] [User: 1] [IP: ::1] CART_ACTION: ADD_TO_CART_SUCCESS | Product: 4 | Quantity: 1 | Details: Cart ID: 1027, Cart Count: 2
[2026-04-06 03:53:40] [CART] [User: Quản trị viên (ID: 1)] [IP: ::1] [Page: add.php] 🛒 Added product to cart (Qty: 1) | {"action":"ADD_TO_CART","product_id":14,"product_name":null,"quantity":1}
[2026-04-06 03:54:05] [CART] [User: Quản trị viên (ID: 1)] [IP: ::1] [Page: add.php] 🛒 Added product to cart (Qty: 1) | {"action":"ADD_TO_CART","product_id":7,"product_name":null,"quantity":1}
[2026-04-06 03:54:26] [CART] [User: Quản trị viên (ID: 1)] [IP: ::1] [Page: add.php] 🛒 Added product to cart (Qty: 1) | {"action":"ADD_TO_CART","product_id":16,"product_name":null,"quantity":1}
[2026-04-06 03:54:47] [CART] [User: Quản trị viên (ID: 1)] [IP: ::1] [Page: add.php] 🛒 Added product to cart (Qty: 1) | {"action":"ADD_TO_CART","product_id":12,"product_name":null,"quantity":1}
[2026-04-06 03:55:55] [CART] [User: Quản trị viên (ID: 1)] [IP: ::1] [Page: add.php] 🛒 Added product to cart (Qty: 1) | {"action":"ADD_TO_CART","product_id":2,"product_name":null,"quantity":1}
[2026-04-06 03:56:50] [CART] [User: Quản trị viên (ID: 1)] [IP: ::1] [Page: add.php] 🛒 Added product to cart (Qty: 1) | {"action":"ADD_TO_CART","product_id":2,"product_name":null,"quantity":1}
[2026-04-06 03:57:58] [CART] [User: Quản trị viên (ID: 1)] [IP: ::1] [Page: add.php] 🛒 Added product to cart (Qty: 1) | {"action":"ADD_TO_CART","product_id":5,"product_name":null,"quantity":1}
[2026-04-06 04:11:21] [CART] [User: Quản trị viên (ID: 1)] [IP: ::1] [Page: add.php] 🛒 Added product to cart (Qty: 1) | {"action":"ADD_TO_CART","product_id":4,"product_name":null,"quantity":1}
[2026-04-06 04:11:22] [CART] [User: 1] [IP: ::1] CART_ACTION: ADD_TO_CART_START | Product: 4 | Quantity: 1
[2026-04-06 04:11:22] [CART] [User: 1] [IP: ::1] CART_ACTION: PRODUCT_FOUND | Product: 4 | Quantity: 1 | Details: Name: Vitamin tổng hợp cho mèo, Price: 46459, Stock: 65
[2026-04-06 04:11:22] [CART] [User: 1] [IP: ::1] CART_ACTION: CART_FOUND | Product: 4 | Quantity: 1 | Details: Existing Cart ID: 1027
[2026-04-06 04:11:22] [CART] [User: 1] [IP: ::1] CART_ACTION: PRICE_CALCULATED | Product: 4 | Quantity: 1 | Details: Original: 46459, Discount: , Final: 46459
[2026-04-06 04:11:22] [CART] [User: 1] [IP: ::1] CART_ACTION: ITEM_UPDATED | Product: 4 | Quantity: 2 | Details: Item ID: 2471
[2026-04-06 04:11:22] [CART] [User: 1] [IP: ::1] CART_ACTION: ADD_TO_CART_SUCCESS | Product: 4 | Quantity: 1 | Details: Cart ID: 1027, Cart Count: 3
[2026-04-06 05:59:06] [CART] [User: Nguyễn Văn A (ID: 4)] [IP: ::1] [Page: add.php] 🛒 Added product to cart (Qty: 1) | {"action":"ADD_TO_CART","product_id":20,"product_name":null,"quantity":1}
