[2026-04-07 10:40:46] [CART] [User: Nguyễn Văn A (ID: 4)] [IP: ::1] [Page: add.php] 🛒 Added product to cart (Qty: 1) | {"action":"ADD_TO_CART","product_id":4,"product_name":null,"quantity":1}
[2026-04-07 10:48:57] [CART] [User: Quản trị viên (ID: 1)] [IP: ::1] [Page: add.php] 🛒 Added product to cart (Qty: 10) | {"action":"ADD_TO_CART","product_id":2,"product_name":null,"quantity":10}
[2026-04-07 10:49:17] [CART] [User: Quản trị viên (ID: 1)] [IP: ::1] [Page: add.php] 🛒 Added product to cart (Qty: 10) | {"action":"ADD_TO_CART","product_id":20,"product_name":null,"quantity":10}
[2026-04-07 10:50:16] [CART] [User: Quản trị viên (ID: 1)] [IP: ::1] [Page: add.php] 🛒 Added product to cart (Qty: 10) | {"action":"ADD_TO_CART","product_id":16,"product_name":null,"quantity":10}
[2026-04-07 10:50:25] [CART] [User: Quản trị viên (ID: 1)] [IP: ::1] [Page: add.php] 🛒 Added product to cart (Qty: 10) | {"action":"ADD_TO_CART","product_id":8,"product_name":null,"quantity":10}
[2026-04-07 10:54:00] [CART] [User: Quản trị viên (ID: 1)] [IP: ::1] [Page: add.php] 🛒 Added product to cart (Qty: 10) | {"action":"ADD_TO_CART","product_id":4,"product_name":null,"quantity":10}
[2026-04-07 10:54:15] [CART] [User: Quản trị viên (ID: 1)] [IP: ::1] [Page: add.php] 🛒 Added product to cart (Qty: 10) | {"action":"ADD_TO_CART","product_id":1,"product_name":null,"quantity":10}
[2026-04-07 10:58:42] [CART] [User: 1] [IP: ::1] CART_ACTION: ADD_TO_CART_START | Product: 15 | Quantity: 1
[2026-04-07 10:58:42] [CART] [User: 1] [IP: ::1] CART_ACTION: PRODUCT_FOUND | Product: 15 | Quantity: 1 | Details: Name: Thuốc nhỏ mắt thú cưng, Price: 20465, Stock: 88
[2026-04-07 10:58:42] [CART] [User: 1] [IP: ::1] CART_ACTION: CART_CREATED | Product: 15 | Quantity: 1 | Details: New Cart ID: 1031
[2026-04-07 10:58:42] [CART] [User: 1] [IP: ::1] CART_ACTION: PRICE_CALCULATED | Product: 15 | Quantity: 1 | Details: Original: 20465, Discount: , Final: 20465
[2026-04-07 10:58:42] [CART] [User: 1] [IP: ::1] CART_ACTION: ITEM_ADDED | Product: 15 | Quantity: 1 | Details: Cart ID: 1031, Unit Price: 20465
[2026-04-07 10:58:42] [CART] [User: 1] [IP: ::1] CART_ACTION: ADD_TO_CART_SUCCESS | Product: 15 | Quantity: 1 | Details: Cart ID: 1031, Cart Count: 1
[2026-04-07 10:59:35] [CART] [User: Quản trị viên (ID: 1)] [IP: ::1] [Page: add.php] 🛒 Added product to cart (Qty: 10) | {"action":"ADD_TO_CART","product_id":4,"product_name":null,"quantity":10}
[2026-04-07 11:11:45] [CART] [User: 1] [IP: ::1] CART_ACTION: ADD_TO_CART_START | Product: 4 | Quantity: 1
[2026-04-07 11:11:45] [CART] [User: 1] [IP: ::1] CART_ACTION: PRODUCT_FOUND | Product: 4 | Quantity: 1 | Details: Name: Vitamin tổng hợp cho mèo, Price: 46459, Stock: 40
[2026-04-07 11:11:45] [CART] [User: 1] [IP: ::1] CART_ACTION: CART_CREATED | Product: 4 | Quantity: 1 | Details: New Cart ID: 1032
[2026-04-07 11:11:45] [CART] [User: 1] [IP: ::1] CART_ACTION: PRICE_CALCULATED | Product: 4 | Quantity: 1 | Details: Original: 46459, Discount: , Final: 46459
[2026-04-07 11:11:45] [CART] [User: 1] [IP: ::1] CART_ACTION: ITEM_ADDED | Product: 4 | Quantity: 1 | Details: Cart ID: 1032, Unit Price: 46459
[2026-04-07 11:11:45] [CART] [User: 1] [IP: ::1] CART_ACTION: ADD_TO_CART_SUCCESS | Product: 4 | Quantity: 1 | Details: Cart ID: 1032, Cart Count: 1
[2026-04-07 11:12:39] [CART] [User: Quản trị viên (ID: 1)] [IP: ::1] [Page: add.php] 🛒 Added product to cart (Qty: 10) | {"action":"ADD_TO_CART","product_id":2,"product_name":null,"quantity":10}
[2026-04-07 11:12:47] [CART] [User: Quản trị viên (ID: 1)] [IP: ::1] [Page: add.php] 🛒 Added product to cart (Qty: 10) | {"action":"ADD_TO_CART","product_id":9,"product_name":null,"quantity":10}
[2026-04-07 11:13:46] [CART] [User: Quản trị viên (ID: 1)] [IP: ::1] [Page: add.php] 🛒 Added product to cart (Qty: 10) | {"action":"ADD_TO_CART","product_id":5,"product_name":null,"quantity":10}
[2026-04-07 11:14:04] [CART] [User: Quản trị viên (ID: 1)] [IP: ::1] [Page: add.php] 🛒 Added product to cart (Qty: 10) | {"action":"ADD_TO_CART","product_id":17,"product_name":null,"quantity":10}
[2026-04-07 11:15:36] [CART] [User: Quản trị viên (ID: 1)] [IP: ::1] [Page: add.php] 🛒 Added product to cart (Qty: 10) | {"action":"ADD_TO_CART","product_id":20,"product_name":null,"quantity":10}
[2026-04-07 11:16:33] [CART] [User: 1] [IP: ::1] CART_ACTION: ADD_TO_CART_START | Product: 20 | Quantity: 1
[2026-04-07 11:16:33] [CART] [User: 1] [IP: ::1] CART_ACTION: PRODUCT_FOUND | Product: 20 | Quantity: 1 | Details: Name: Bát ăn inox cho chó mèo, Price: 234612, Stock: 86
[2026-04-07 11:16:33] [CART] [User: 1] [IP: ::1] CART_ACTION: CART_CREATED | Product: 20 | Quantity: 1 | Details: New Cart ID: 1035
[2026-04-07 11:16:33] [CART] [User: 1] [IP: ::1] CART_ACTION: PRICE_CALCULATED | Product: 20 | Quantity: 1 | Details: Original: 234612, Discount: , Final: 234612
[2026-04-07 11:16:33] [CART] [User: 1] [IP: ::1] CART_ACTION: ITEM_ADDED | Product: 20 | Quantity: 1 | Details: Cart ID: 1035, Unit Price: 234612
[2026-04-07 11:16:33] [CART] [User: 1] [IP: ::1] CART_ACTION: ADD_TO_CART_SUCCESS | Product: 20 | Quantity: 1 | Details: Cart ID: 1035, Cart Count: 1
[2026-04-07 11:16:53] [CART] [User: Quản trị viên (ID: 1)] [IP: ::1] [Page: add.php] 🛒 Added product to cart (Qty: 5) | {"action":"ADD_TO_CART","product_id":20,"product_name":null,"quantity":5}
[2026-04-07 11:17:10] [CART] [User: Quản trị viên (ID: 1)] [IP: ::1] [Page: add.php] 🛒 Added product to cart (Qty: 5) | {"action":"ADD_TO_CART","product_id":18,"product_name":null,"quantity":5}
[2026-04-07 11:19:37] [CART] [User: 1] [IP: ::1] CART_ACTION: ADD_TO_CART_START | Product: 20 | Quantity: 1
[2026-04-07 11:19:37] [CART] [User: 1] [IP: ::1] CART_ACTION: PRODUCT_FOUND | Product: 20 | Quantity: 1 | Details: Name: Bát ăn inox cho chó mèo, Price: 234612, Stock: 81
[2026-04-07 11:19:37] [CART] [User: 1] [IP: ::1] CART_ACTION: CART_CREATED | Product: 20 | Quantity: 1 | Details: New Cart ID: 1036
[2026-04-07 11:19:37] [CART] [User: 1] [IP: ::1] CART_ACTION: PRICE_CALCULATED | Product: 20 | Quantity: 1 | Details: Original: 234612, Discount: , Final: 234612
[2026-04-07 11:19:37] [CART] [User: 1] [IP: ::1] CART_ACTION: ITEM_ADDED | Product: 20 | Quantity: 1 | Details: Cart ID: 1036, Unit Price: 234612
[2026-04-07 11:19:37] [CART] [User: 1] [IP: ::1] CART_ACTION: ADD_TO_CART_SUCCESS | Product: 20 | Quantity: 1 | Details: Cart ID: 1036, Cart Count: 1
[2026-04-07 11:20:04] [CART] [User: 1] [IP: ::1] CART_ACTION: ADD_TO_CART_START | Product: 18 | Quantity: 1
[2026-04-07 11:20:04] [CART] [User: 1] [IP: ::1] CART_ACTION: PRODUCT_FOUND | Product: 18 | Quantity: 1 | Details: Name: Khăn ướt vệ sinh thú cưng, Price: 138804, Stock: 167
[2026-04-07 11:20:04] [CART] [User: 1] [IP: ::1] CART_ACTION: CART_FOUND | Product: 18 | Quantity: 1 | Details: Existing Cart ID: 1036
[2026-04-07 11:20:04] [CART] [User: 1] [IP: ::1] CART_ACTION: PRICE_CALCULATED | Product: 18 | Quantity: 1 | Details: Original: 138804, Discount: , Final: 138804
[2026-04-07 11:20:04] [CART] [User: 1] [IP: ::1] CART_ACTION: ITEM_ADDED | Product: 18 | Quantity: 1 | Details: Cart ID: 1036, Unit Price: 138804
[2026-04-07 11:20:04] [CART] [User: 1] [IP: ::1] CART_ACTION: ADD_TO_CART_SUCCESS | Product: 18 | Quantity: 1 | Details: Cart ID: 1036, Cart Count: 2
[2026-04-07 11:24:19] [CART] [User: Quản trị viên (ID: 1)] [IP: ::1] [Page: add.php] 🛒 Added product to cart (Qty: 10) | {"action":"ADD_TO_CART","product_id":3,"product_name":null,"quantity":10}
[2026-04-07 11:24:25] [CART] [User: 1] [IP: ::1] CART_ACTION: ADD_TO_CART_START | Product: 9 | Quantity: 10
[2026-04-07 11:24:25] [CART] [User: 1] [IP: ::1] CART_ACTION: PRODUCT_FOUND | Product: 9 | Quantity: 10 | Details: Name: Pate chó vị bò, Price: 319422, Stock: 111
[2026-04-07 11:24:25] [CART] [User: 1] [IP: ::1] CART_ACTION: CART_FOUND | Product: 9 | Quantity: 10 | Details: Existing Cart ID: 1037
[2026-04-07 11:24:25] [CART] [User: 1] [IP: ::1] CART_ACTION: PRICE_CALCULATED | Product: 9 | Quantity: 10 | Details: Original: 319422, Discount: , Final: 319422
[2026-04-07 11:24:25] [CART] [User: 1] [IP: ::1] CART_ACTION: ITEM_ADDED | Product: 9 | Quantity: 10 | Details: Cart ID: 1037, Unit Price: 319422
[2026-04-07 11:24:25] [CART] [User: 1] [IP: ::1] CART_ACTION: ADD_TO_CART_SUCCESS | Product: 9 | Quantity: 10 | Details: Cart ID: 1037, Cart Count: 2
[2026-04-07 11:27:29] [CART] [User: Quản trị viên (ID: 1)] [IP: ::1] [Page: add.php] 🛒 Added product to cart (Qty: 10) | {"action":"ADD_TO_CART","product_id":15,"product_name":null,"quantity":10}
[2026-04-07 11:27:37] [CART] [User: Quản trị viên (ID: 1)] [IP: ::1] [Page: add.php] 🛒 Added product to cart (Qty: 10) | {"action":"ADD_TO_CART","product_id":12,"product_name":null,"quantity":10}
[2026-04-07 11:34:21] [CART] [User: 1] [IP: ::1] CART_ACTION: ADD_TO_CART_START | Product: 2 | Quantity: 1
[2026-04-07 11:34:21] [CART] [User: 1] [IP: ::1] CART_ACTION: PRODUCT_FOUND | Product: 2 | Quantity: 1 | Details: Name: Pate mèo cá ngừ, Price: 207812, Stock: 9970
[2026-04-07 11:34:21] [CART] [User: 1] [IP: ::1] CART_ACTION: CART_CREATED | Product: 2 | Quantity: 1 | Details: New Cart ID: 1039
[2026-04-07 11:34:21] [CART] [User: 1] [IP: ::1] CART_ACTION: PRICE_CALCULATED | Product: 2 | Quantity: 1 | Details: Original: 207812, Discount: 0, Final: 207812
[2026-04-07 11:34:21] [CART] [User: 1] [IP: ::1] CART_ACTION: ITEM_ADDED | Product: 2 | Quantity: 1 | Details: Cart ID: 1039, Unit Price: 207812
[2026-04-07 11:34:21] [CART] [User: 1] [IP: ::1] CART_ACTION: ADD_TO_CART_SUCCESS | Product: 2 | Quantity: 1 | Details: Cart ID: 1039, Cart Count: 1
[2026-04-07 11:36:00] [CART] [User: 1] [IP: ::1] CART_ACTION: ADD_TO_CART_START | Product: 20 | Quantity: 1
[2026-04-07 11:36:00] [CART] [User: 1] [IP: ::1] CART_ACTION: PRODUCT_FOUND | Product: 20 | Quantity: 1 | Details: Name: Bát ăn inox cho chó mèo, Price: 234612, Stock: 71
[2026-04-07 11:36:00] [CART] [User: 1] [IP: ::1] CART_ACTION: CART_FOUND | Product: 20 | Quantity: 1 | Details: Existing Cart ID: 1039
[2026-04-07 11:36:00] [CART] [User: 1] [IP: ::1] CART_ACTION: PRICE_CALCULATED | Product: 20 | Quantity: 1 | Details: Original: 234612, Discount: , Final: 234612
[2026-04-07 11:36:00] [CART] [User: 1] [IP: ::1] CART_ACTION: ITEM_ADDED | Product: 20 | Quantity: 1 | Details: Cart ID: 1039, Unit Price: 234612
[2026-04-07 11:36:00] [CART] [User: 1] [IP: ::1] CART_ACTION: ADD_TO_CART_SUCCESS | Product: 20 | Quantity: 1 | Details: Cart ID: 1039, Cart Count: 1
[2026-04-07 11:36:33] [CART] [User: 1] [IP: ::1] CART_ACTION: ADD_TO_CART_START | Product: 4 | Quantity: 1
[2026-04-07 11:36:33] [CART] [User: 1] [IP: ::1] CART_ACTION: PRODUCT_FOUND | Product: 4 | Quantity: 1 | Details: Name: Vitamin tổng hợp cho mèo, Price: 46459, Stock: 39
[2026-04-07 11:36:33] [CART] [User: 1] [IP: ::1] CART_ACTION: CART_FOUND | Product: 4 | Quantity: 1 | Details: Existing Cart ID: 1039
[2026-04-07 11:36:33] [CART] [User: 1] [IP: ::1] CART_ACTION: PRICE_CALCULATED | Product: 4 | Quantity: 1 | Details: Original: 46459, Discount: , Final: 46459
[2026-04-07 11:36:33] [CART] [User: 1] [IP: ::1] CART_ACTION: ITEM_ADDED | Product: 4 | Quantity: 1 | Details: Cart ID: 1039, Unit Price: 46459
[2026-04-07 11:36:33] [CART] [User: 1] [IP: ::1] CART_ACTION: ADD_TO_CART_SUCCESS | Product: 4 | Quantity: 1 | Details: Cart ID: 1039, Cart Count: 2
